[backblue.gif]
[fade.gif]
[index.html]
[localhost/mysite/feed/index.html]
[localhost/mysite/comments/feed/index.html]
[localhost/mysite/wp-includes/js/jquery/jqueryb8ff.js]
[localhost/mysite/wp-includes/js/jquery/jquery-migrate.min330a.js]
[localhost/mysite/wp-content/plugins/fancybox-for-wordpress/fancybox/jquery.fancyboxedfb.js]
[localhost/mysite/wp-content/plugins/modula-best-grid-gallery/scripts/jquery.modula37cb.js]
[localhost/mysite/xmlrpc0db0.php]
[localhost/mysite/wp-includes/wlwmanifest.xml]
[localhost/mysite/wp-json/index.html]
[localhost/mysite/wp-json/oembed/1.0/embed9e30.json]
[localhost/mysite/wp-json/oembed/1.0/embed0a6d]
[localhost/mysite/wp-content/themes/pixova-lite/layout/images/header-bg.jpg]
[cdn.colorlib.com/pixova-lite/wp-content/themes/pixova-lite/layout/images/recent-works/recent-works-1-270x426.jpg]
[cdn.colorlib.com/pixova-lite/wp-content/themes/pixova-lite/layout/images/recent-works/logo1.png]
[cdn.colorlib.com/pixova-lite/wp-content/themes/pixova-lite/layout/images/recent-works/recent-works-3-270x426.jpg]
[cdn.colorlib.com/pixova-lite/wp-content/themes/pixova-lite/layout/images/recent-works/logo3.png]
[cdn.colorlib.com/pixova-lite/wp-content/themes/pixova-lite/layout/images/recent-works/recent-works-4-270x426.jpg]
[cdn.colorlib.com/pixova-lite/wp-content/themes/pixova-lite/layout/images/recent-works/logo4.png]
[cdn.colorlib.com/pixova-lite/wp-content/themes/pixova-lite/layout/images/testimonials/teammembru_burned-92x92.jpg]
[localhost/mysite/wp-content/themes/pixova-lite/layout/images/blog-defaults/rand-1.jpg]
[cdn.colorlib.com/pixova-lite/wp-content/themes/pixova-lite/layout/images/team/teammembru-150x150.jpg]
[cdn.colorlib.com/pixova-lite/wp-content/themes/pixova-lite/layout/images/team/teammembru3-150x150.jpg]
[cdn.colorlib.com/pixova-lite/wp-content/themes/pixova-lite/layout/images/team/teammembru4-150x150.jpg]
[localhost/mysite/wp-content/plugins/contact-form-7/includes/js/scriptsce52.js]
[localhost/mysite/wp-content/themes/pixova-lite/layout/js/pathLoadere7f3.js]
[localhost/mysite/wp-content/themes/pixova-lite/layout/js/pace/pace.mind5f7.js]
[localhost/mysite/wp-content/themes/pixova-lite/layout/js/preloader.min5152.js]
[localhost/mysite/wp-content/themes/pixova-lite/layout/js/bootstrap/bootstrap.min7984.js]
[localhost/mysite/wp-content/themes/pixova-lite/layout/js/sticky/jquery.stickyd5f7.js]
[localhost/mysite/wp-content/themes/pixova-lite/layout/js/owl-carousel/owl-carousel.min3ba1.js]
[localhost/mysite/wp-content/themes/pixova-lite/layout/js/classie/classie8a54.js]
[localhost/mysite/wp-content/themes/pixova-lite/layout/js/simpleplaceholder/simplePlaceholder.min8a54.js]
[localhost/mysite/wp-content/themes/pixova-lite/layout/js/smoothscroll/smoothscroll.mine2dc.js]
[localhost/mysite/wp-content/themes/pixova-lite/layout/js/viewport/viewport.min5152.js]
[localhost/mysite/wp-content/themes/pixova-lite/layout/js/parallax/parallax.mine7f0.js]
[localhost/mysite/wp-content/themes/pixova-lite/layout/js/wow/wow.min4bf4.js]
[localhost/mysite/wp-content/themes/pixova-lite/layout/js/easypiechart/easypiechart.mine7f3.js]
[localhost/mysite/wp-content/themes/pixova-lite/layout/js/scripts.min1e9d.js]
[localhost/mysite/wp-content/themes/pixova-lite/layout/js/plugins.min1e9d.js]
[localhost/mysite/wp-includes/js/wp-embed.min37cb.js]
[localhost/mysite/index.html]
[localhost/mysite/xmlrpc.php]
[localhost/mysite/wp-content/plugins/contact-form-7/images/ajax-loader.gif]
[localhost/mysite/wp-content/plugins/contact-form-7/includes/css/stylesce52.css]
[localhost/mysite/wp-content/plugins/fancybox-for-wordpress/fancybox/fancybox.png]
[localhost/mysite/wp-content/plugins/fancybox-for-wordpress/fancybox/blank.gif]
[localhost/mysite/wp-content/plugins/fancybox-for-wordpress/fancybox/fancybox-x.png]
[localhost/mysite/wp-content/plugins/fancybox-for-wordpress/fancybox/fancybox-y.png]
[localhost/mysite/wp-content/plugins/fancybox-for-wordpress/fancybox/fancy_title_over.png]
[localhost/mysite/wp-content/plugins/fancybox-for-wordpress/fancybox/fancybox37cb.css]
[localhost/mysite/wp-content/plugins/kiwi-social-share/assets/vendors/icomoon/fonts/icomoon3588.eot]
[localhost/mysite/wp-content/plugins/kiwi-social-share/assets/vendors/icomoon/fonts/icomoon3588.ttf]
[localhost/mysite/wp-content/plugins/kiwi-social-share/assets/vendors/icomoon/fonts/icomoon3588.woff]
[localhost/mysite/wp-content/plugins/kiwi-social-share/assets/vendors/icomoon/style5d0a.css]
[localhost/mysite/wp-content/plugins/modula-best-grid-gallery/admin/font/modula/modula-icons.eot]
[localhost/mysite/wp-content/plugins/modula-best-grid-gallery/admin/font/modula/modula-iconsd41d.eot]
[localhost/mysite/wp-content/plugins/modula-best-grid-gallery/admin/font/modula/modula-icons.woff]
[localhost/mysite/wp-content/plugins/modula-best-grid-gallery/admin/font/modula/modula-icons.ttf]
[localhost/mysite/wp-content/plugins/modula-best-grid-gallery/scripts/modulae7f0.css]
[localhost/mysite/wp-content/plugins/modula-best-grid-gallery/scripts/effectse7f0.css]
[localhost/mysite/wp-content/themes/pixova-lite/layout/css/animate.min37cb.css]
[localhost/mysite/wp-content/themes/pixova-lite/layout/fonts/fontawesome-webfont3e6e.eot]
[localhost/mysite/wp-content/themes/pixova-lite/layout/fonts/fontawesome-webfontd41d.eot]
[localhost/mysite/wp-content/themes/pixova-lite/layout/fonts/fontawesome-webfont3e6e.woff2]
[localhost/mysite/wp-content/themes/pixova-lite/layout/fonts/fontawesome-webfont3e6e.woff]
[localhost/mysite/wp-content/themes/pixova-lite/layout/fonts/fontawesome-webfont3e6e.ttf]
[localhost/mysite/wp-content/themes/pixova-lite/layout/css/font-awesome.min37cb.css]
[localhost/mysite/wp-content/themes/pixova-lite/layout/css/bootstrap.min37cb.css]
[localhost/mysite/wp-content/themes/pixova-lite/layout/css/owl.carousel37cb.css]
[localhost/mysite/wp-content/themes/pixova-lite/layout/css/owl.theme37cb.css]
[localhost/mysite/wp-content/themes/pixova-lite/layout/css/style.min37cb.css]
[localhost/mysite/wp-content/themes/pixova-lite/style37cb.css]
[localhost/mysite/blog/index.html]
[localhost/mysite/sample-page/feed/index.html]
[localhost/mysite/wp-json/oembed/1.0/embed996d.json]
[localhost/mysite/wp-json/oembed/1.0/embed89c5]
[localhost/mysite/wp-content/plugins/kiwi-social-share/assets/js/kiwi.min5d0a.js]
[localhost/mysite/sample-page/index.html]
[localhost/mysite/wp-content/plugins/kiwi-social-share/assets/js/frontend.min5d0a.js]
[cdn.colorlib.com/pixova-lite/wp-content/themes/pixova-lite/layout/images/recent-works/recent-works-2-270x426.jpg]
[localhost/mysite/wp-json/oembed/1.0/embed3c7e.json]
[localhost/mysite/2018/07/21/hello-world/feed/index.html]
[localhost/mysite/wp-json/oembed/1.0/embeded7c]
[localhost/mysite/wp-content/themes/pixova-lite/layout/images/post-image-placeholder.jpg]
[localhost/mysite/wp-includes/js/comment-reply.min37cb.js]
[localhost/mysite/2018/07/21/hello-world/index.html]
[cdn.colorlib.com/pixova-lite/wp-content/themes/pixova-lite/layout/images/recent-works/logo2.png]
[localhost/mysite/wp-content/plugins/kiwi-social-share/assets/vendors/icomoon/fonts/icomoon3588.svg]
[localhost/mysite/wp-content/plugins/modula-best-grid-gallery/admin/font/modula/modula-icons.svg]
[localhost/mysite/wp-content/plugins/modula-best-grid-gallery/fonts/feathericons/feathericons3869.html]
[localhost/mysite/wp-content/plugins/modula-best-grid-gallery/fonts/feathericons/feathericonsd41d.html]
[localhost/mysite/wp-content/plugins/modula-best-grid-gallery/fonts/feathericons/feathericons3869-2.html]
[localhost/mysite/wp-content/plugins/modula-best-grid-gallery/fonts/feathericons/feathericons3869-3.html]
[localhost/mysite/wp-content/plugins/modula-best-grid-gallery/fonts/feathericons/feathericons3869-4.html]
[localhost/mysite/wp-content/themes/pixova-lite/layout/fonts/fontawesome-webfont3e6e.svg]
[localhost/mysite/wp-content/themes/pixova-lite/layout/fonts/glyphicons-halflings-regular.html]
[localhost/mysite/wp-content/themes/pixova-lite/layout/fonts/glyphicons-halflings-regulard41d.html]
[localhost/mysite/wp-content/themes/pixova-lite/layout/fonts/glyphicons-halflings-regular-2.html]
[localhost/mysite/wp-content/themes/pixova-lite/layout/fonts/glyphicons-halflings-regular-3.html]
[localhost/mysite/wp-content/themes/pixova-lite/layout/fonts/glyphicons-halflings-regular-4.html]
[localhost/mysite/wp-content/themes/pixova-lite/layout/fonts/glyphicons-halflings-regular-5.html]
[localhost/mysite/wp-content/themes/pixova-lite/layout/css/images/grabbing.html]
[localhost/mysite/wp-content/themes/pixova-lite/layout/css/images/AjaxLoader.html]
[localhost/mysite/wp-content/themes/pixova-lite/layout/images/cd-top-arrow.svg]
[localhost/mysite/2018/07/index.html]
[localhost/mysite/category/uncategorized/index.html]
[localhost/mysite/category/uncategorized/feed/index.html]
[localhost/mysite/wp-admin/load-styles6d65.css]
[localhost/mysite/wp-login.html]
[localhost/mysite/index905b.html]
[localhost/mysite/wp-admin/index.html]
[localhost/mysite/wp-content/plugins/kiwi-social-share/assets/css/frontend.min5d0a.css]
[localhost/mysite/indexcff1.html]
[localhost/mysite/9.html]
[localhost/mysite/author/sakib/index.html]
[localhost/mysite/2018/07/21/hello-world/index6809.html]
[localhost/mysite/wp-includes/fonts/dashicons.eot]
[localhost/mysite/wp-admin/images/loading.68.delayed]
[localhost/mysite/author/sakib/feed/index.html]
[localhost/mysite/wp-admin/images/w-logo-blue7a53.png]
[localhost/mysite/wp-admin/load-styles6d65.css]
[localhost/mysite/wp-loginc2b6.html]
[localhost/mysite/wp-loginb4bf.html]
[cdn.colorlib.com/pixova-lite/wp-content/themes/pixova-lite/layout/images/team/teammembru2-150x150.jpg]
[localhost/mysite/wp-admin/images/wordpress-logo7d6b.svg]
[localhost/mysite/wp-admin/&reauth=1.html]
